Archive member included to satisfy reference by file (symbol)

/usr/lib/x86_64-linux-gnu/libc_nonshared.a(elf-init.oS)
                              /usr/lib/gcc/x86_64-linux-gnu/7/../../../x86_64-linux-gnu/Scrt1.o (__libc_csu_init)

As-needed library included to satisfy reference by file (symbol)

libc.so.6                     src/memory.o (puts@@GLIBC_2.2.5)

Allocating common symbols
Common symbol       size              file

buffer              0xa               src/main.o

Discarded input sections

 .note.GNU-stack
                0x0000000000000000        0x0 /usr/lib/gcc/x86_64-linux-gnu/7/../../../x86_64-linux-gnu/Scrt1.o
 .note.GNU-stack
                0x0000000000000000        0x0 /usr/lib/gcc/x86_64-linux-gnu/7/../../../x86_64-linux-gnu/crti.o
 .note.GNU-stack
                0x0000000000000000        0x0 /usr/lib/gcc/x86_64-linux-gnu/7/crtbeginS.o
 .note.GNU-stack
                0x0000000000000000        0x0 src/main.o
 .note.GNU-stack
                0x0000000000000000        0x0 src/memory.o
 .note.GNU-stack
                0x0000000000000000        0x0 src/data.o
 .note.GNU-stack
                0x0000000000000000        0x0 src/stats.o
 .note.GNU-stack
                0x0000000000000000        0x0 src/course1.o
 .note.GNU-stack
                0x0000000000000000        0x0 /usr/lib/x86_64-linux-gnu/libc_nonshared.a(elf-init.oS)
 .note.GNU-stack
                0x0000000000000000        0x0 /usr/lib/gcc/x86_64-linux-gnu/7/crtendS.o
 .note.GNU-stack
                0x0000000000000000        0x0 /usr/lib/gcc/x86_64-linux-gnu/7/../../../x86_64-linux-gnu/crtn.o

Memory Configuration

Name             Origin             Length             Attributes
*default*        0x0000000000000000 0xffffffffffffffff

Linker script and memory map

LOAD /usr/lib/gcc/x86_64-linux-gnu/7/../../../x86_64-linux-gnu/Scrt1.o
LOAD /usr/lib/gcc/x86_64-linux-gnu/7/../../../x86_64-linux-gnu/crti.o
LOAD /usr/lib/gcc/x86_64-linux-gnu/7/crtbeginS.o
LOAD src/main.o
LOAD src/memory.o
LOAD src/data.o
LOAD src/stats.o
LOAD src/course1.o
LOAD /usr/lib/gcc/x86_64-linux-gnu/7/libgcc.a
LOAD /usr/lib/gcc/x86_64-linux-gnu/7/libgcc_s.so
START GROUP
LOAD /usr/lib/gcc/x86_64-linux-gnu/7/libgcc_s.so.1
LOAD /usr/lib/gcc/x86_64-linux-gnu/7/libgcc.a
END GROUP
LOAD /usr/lib/gcc/x86_64-linux-gnu/7/../../../x86_64-linux-gnu/libc.so
START GROUP
LOAD /lib/x86_64-linux-gnu/libc.so.6
LOAD /usr/lib/x86_64-linux-gnu/libc_nonshared.a
LOAD /lib/x86_64-linux-gnu/ld-linux-x86-64.so.2
END GROUP
LOAD /usr/lib/gcc/x86_64-linux-gnu/7/libgcc.a
LOAD /usr/lib/gcc/x86_64-linux-gnu/7/libgcc_s.so
START GROUP
LOAD /usr/lib/gcc/x86_64-linux-gnu/7/libgcc_s.so.1
LOAD /usr/lib/gcc/x86_64-linux-gnu/7/libgcc.a
END GROUP
LOAD /usr/lib/gcc/x86_64-linux-gnu/7/crtendS.o
LOAD /usr/lib/gcc/x86_64-linux-gnu/7/../../../x86_64-linux-gnu/crtn.o
                [!provide]                        PROVIDE (__executable_start = SEGMENT_START ("text-segment", 0x0))
                0x0000000000000238                . = (SEGMENT_START ("text-segment", 0x0) + SIZEOF_HEADERS)

.interp         0x0000000000000238       0x1c
 *(.interp)
 .interp        0x0000000000000238       0x1c /usr/lib/gcc/x86_64-linux-gnu/7/../../../x86_64-linux-gnu/Scrt1.o

.note.ABI-tag   0x0000000000000254       0x20
 .note.ABI-tag  0x0000000000000254       0x20 /usr/lib/gcc/x86_64-linux-gnu/7/../../../x86_64-linux-gnu/Scrt1.o

.note.gnu.build-id
                0x0000000000000274       0x24
 *(.note.gnu.build-id)
 .note.gnu.build-id
                0x0000000000000274       0x24 /usr/lib/gcc/x86_64-linux-gnu/7/../../../x86_64-linux-gnu/Scrt1.o

.hash
 *(.hash)

.gnu.hash       0x0000000000000298       0x1c
 *(.gnu.hash)
 .gnu.hash      0x0000000000000298       0x1c /usr/lib/gcc/x86_64-linux-gnu/7/../../../x86_64-linux-gnu/Scrt1.o

.dynsym         0x00000000000002b8       0xf0
 *(.dynsym)
 .dynsym        0x00000000000002b8       0xf0 /usr/lib/gcc/x86_64-linux-gnu/7/../../../x86_64-linux-gnu/Scrt1.o

.dynstr         0x00000000000003a8       0xac
 *(.dynstr)
 .dynstr        0x00000000000003a8       0xac /usr/lib/gcc/x86_64-linux-gnu/7/../../../x86_64-linux-gnu/Scrt1.o

.gnu.version    0x0000000000000454       0x14
 *(.gnu.version)
 .gnu.version   0x0000000000000454       0x14 /usr/lib/gcc/x86_64-linux-gnu/7/../../../x86_64-linux-gnu/Scrt1.o

.gnu.version_d  0x0000000000000468        0x0
 *(.gnu.version_d)
 .gnu.version_d
                0x0000000000000468        0x0 /usr/lib/gcc/x86_64-linux-gnu/7/../../../x86_64-linux-gnu/Scrt1.o

.gnu.version_r  0x0000000000000468       0x30
 *(.gnu.version_r)
 .gnu.version_r
                0x0000000000000468       0x30 /usr/lib/gcc/x86_64-linux-gnu/7/../../../x86_64-linux-gnu/Scrt1.o

.rela.dyn       0x0000000000000498       0xc0
 *(.rela.init)
 *(.rela.text .rela.text.* .rela.gnu.linkonce.t.*)
 .rela.text     0x0000000000000498        0x0 /usr/lib/gcc/x86_64-linux-gnu/7/../../../x86_64-linux-gnu/Scrt1.o
 *(.rela.fini)
 *(.rela.rodata .rela.rodata.* .rela.gnu.linkonce.r.*)
 *(.rela.data .rela.data.* .rela.gnu.linkonce.d.*)
 .rela.data.rel.ro
                0x0000000000000498        0x0 /usr/lib/gcc/x86_64-linux-gnu/7/../../../x86_64-linux-gnu/Scrt1.o
 .rela.data.rel.local
                0x0000000000000498       0x18 /usr/lib/gcc/x86_64-linux-gnu/7/../../../x86_64-linux-gnu/Scrt1.o
 *(.rela.tdata .rela.tdata.* .rela.gnu.linkonce.td.*)
 *(.rela.tbss .rela.tbss.* .rela.gnu.linkonce.tb.*)
 *(.rela.ctors)
 *(.rela.dtors)
 *(.rela.got)
 .rela.got      0x00000000000004b0       0x78 /usr/lib/gcc/x86_64-linux-gnu/7/../../../x86_64-linux-gnu/Scrt1.o
 *(.rela.bss .rela.bss.* .rela.gnu.linkonce.b.*)
 .rela.bss      0x0000000000000528        0x0 /usr/lib/gcc/x86_64-linux-gnu/7/../../../x86_64-linux-gnu/Scrt1.o
 *(.rela.ldata .rela.ldata.* .rela.gnu.linkonce.l.*)
 *(.rela.lbss .rela.lbss.* .rela.gnu.linkonce.lb.*)
 *(.rela.lrodata .rela.lrodata.* .rela.gnu.linkonce.lr.*)
 *(.rela.ifunc)
 .rela.ifunc    0x0000000000000528        0x0 /usr/lib/gcc/x86_64-linux-gnu/7/../../../x86_64-linux-gnu/Scrt1.o
 .rela.fini_array
                0x0000000000000528       0x18 /usr/lib/gcc/x86_64-linux-gnu/7/../../../x86_64-linux-gnu/Scrt1.o
 .rela.init_array
                0x0000000000000540       0x18 /usr/lib/gcc/x86_64-linux-gnu/7/../../../x86_64-linux-gnu/Scrt1.o

.rela.plt       0x0000000000000558       0x60
 *(.rela.plt)
 .rela.plt      0x0000000000000558       0x60 /usr/lib/gcc/x86_64-linux-gnu/7/../../../x86_64-linux-gnu/Scrt1.o
                [!provide]                        PROVIDE (__rela_iplt_start = .)
 *(.rela.iplt)
                [!provide]                        PROVIDE (__rela_iplt_end = .)

.init           0x00000000000005b8       0x17
 *(SORT_NONE(.init))
 .init          0x00000000000005b8       0x12 /usr/lib/gcc/x86_64-linux-gnu/7/../../../x86_64-linux-gnu/crti.o
                0x00000000000005b8                _init
 .init          0x00000000000005ca        0x5 /usr/lib/gcc/x86_64-linux-gnu/7/../../../x86_64-linux-gnu/crtn.o

.plt            0x00000000000005d0       0x50
 *(.plt)
 .plt           0x00000000000005d0       0x50 /usr/lib/gcc/x86_64-linux-gnu/7/../../../x86_64-linux-gnu/Scrt1.o
 *(.iplt)

.plt.got        0x0000000000000620        0x8
 *(.plt.got)
 .plt.got       0x0000000000000620        0x8 /usr/lib/gcc/x86_64-linux-gnu/7/../../../x86_64-linux-gnu/Scrt1.o

.plt.sec
 *(.plt.sec)

.text           0x0000000000000630      0xa62
 *(.text.unlikely .text.*_unlikely .text.unlikely.*)
 *(.text.exit .text.exit.*)
 *(.text.startup .text.startup.*)
 *(.text.hot .text.hot.*)
 *(.text .stub .text.* .gnu.linkonce.t.*)
 .text          0x0000000000000630       0x2b /usr/lib/gcc/x86_64-linux-gnu/7/../../../x86_64-linux-gnu/Scrt1.o
                0x0000000000000630                _start
 .text          0x000000000000065b        0x0 /usr/lib/gcc/x86_64-linux-gnu/7/../../../x86_64-linux-gnu/crti.o
 *fill*         0x000000000000065b        0x5 
 .text          0x0000000000000660       0xda /usr/lib/gcc/x86_64-linux-gnu/7/crtbeginS.o
 .text          0x000000000000073a      0x15e src/main.o
                0x000000000000073a                main
 .text          0x0000000000000898      0x1ee src/memory.o
                0x0000000000000898                set_value
                0x00000000000008bb                clear_value
                0x00000000000008e3                get_value
                0x00000000000008fd                set_all
                0x000000000000093e                clear_all
                0x0000000000000964                my_memmove
                0x000000000000097a                my_memcopy
                0x0000000000000a31                my_memset
                0x0000000000000a48                my_memzero
                0x0000000000000a5a                my_reverse
                0x0000000000000a6c                reserve_words
                0x0000000000000a7b                free_words
 .text          0x0000000000000a86       0x33 src/data.o
                0x0000000000000a86                my_itoa
                0x0000000000000a9e                my_atoi
 .text          0x0000000000000ab9      0x48f src/stats.o
                0x0000000000000ab9                stats
                0x0000000000000c13                print_statistics
                0x0000000000000c98                print_array
                0x0000000000000d04                find_median
                0x0000000000000d5a                find_mean
                0x0000000000000daa                find_maximum
                0x0000000000000e02                find_minimum
                0x0000000000000e5a                sort_array
 .text          0x0000000000000f48       0xd3 src/course1.o
                0x0000000000000f48                course1
                0x0000000000000f67                test_data1
                0x0000000000000f72                test_data2
                0x0000000000000f7d                test_memmove1
                0x0000000000000f88                test_memmove2
                0x0000000000000f93                test_memmove3
                0x0000000000000f9e                test_memcopy
                0x0000000000001005                test_memeset
                0x0000000000001010                test_reverse
 *fill*         0x000000000000101b        0x5 
 .text          0x0000000000001020       0x72 /usr/lib/x86_64-linux-gnu/libc_nonshared.a(elf-init.oS)
                0x0000000000001020                __libc_csu_init
                0x0000000000001090                __libc_csu_fini
 .text          0x0000000000001092        0x0 /usr/lib/gcc/x86_64-linux-gnu/7/crtendS.o
 .text          0x0000000000001092        0x0 /usr/lib/gcc/x86_64-linux-gnu/7/../../../x86_64-linux-gnu/crtn.o
 *(.gnu.warning)

.fini           0x0000000000001094        0x9
 *(SORT_NONE(.fini))
 .fini          0x0000000000001094        0x4 /usr/lib/gcc/x86_64-linux-gnu/7/../../../x86_64-linux-gnu/crti.o
                0x0000000000001094                _fini
 .fini          0x0000000000001098        0x5 /usr/lib/gcc/x86_64-linux-gnu/7/../../../x86_64-linux-gnu/crtn.o
                [!provide]                        PROVIDE (__etext = .)
                [!provide]                        PROVIDE (_etext = .)
                [!provide]                        PROVIDE (etext = .)

.rodata         0x00000000000010a0      0x192
 *(.rodata .rodata.* .gnu.linkonce.r.*)
 .rodata.cst4   0x00000000000010a0        0x4 /usr/lib/gcc/x86_64-linux-gnu/7/../../../x86_64-linux-gnu/Scrt1.o
                0x00000000000010a0                _IO_stdin_used
 .rodata        0x00000000000010a4       0x41 src/memory.o
 *fill*         0x00000000000010e5        0x3 
 .rodata        0x00000000000010e8      0x14a src/stats.o

.rodata1
 *(.rodata1)

.eh_frame_hdr   0x0000000000001234      0x134
 *(.eh_frame_hdr)
 .eh_frame_hdr  0x0000000000001234      0x134 /usr/lib/gcc/x86_64-linux-gnu/7/../../../x86_64-linux-gnu/Scrt1.o
                0x0000000000001234                __GNU_EH_FRAME_HDR
 *(.eh_frame_entry .eh_frame_entry.*)

.eh_frame       0x0000000000001368      0x4e8
 *(.eh_frame)
 .eh_frame      0x0000000000001368       0x30 /usr/lib/gcc/x86_64-linux-gnu/7/../../../x86_64-linux-gnu/Scrt1.o
                                         0x2c (size before relaxing)
 *fill*         0x0000000000001398        0x0 
 .eh_frame      0x0000000000001398       0x40 /usr/lib/gcc/x86_64-linux-gnu/7/../../../x86_64-linux-gnu/Scrt1.o
 .eh_frame      0x00000000000013d8       0x18 /usr/lib/gcc/x86_64-linux-gnu/7/../../../x86_64-linux-gnu/Scrt1.o
                                         0x30 (size before relaxing)
 .eh_frame      0x00000000000013f0       0x20 src/main.o
                                         0x38 (size before relaxing)
 .eh_frame      0x0000000000001410      0x180 src/memory.o
                                        0x198 (size before relaxing)
 .eh_frame      0x0000000000001590       0x40 src/data.o
                                         0x58 (size before relaxing)
 .eh_frame      0x00000000000015d0      0x100 src/stats.o
                                        0x118 (size before relaxing)
 .eh_frame      0x00000000000016d0      0x120 src/course1.o
                                        0x138 (size before relaxing)
 .eh_frame      0x00000000000017f0       0x5c /usr/lib/x86_64-linux-gnu/libc_nonshared.a(elf-init.oS)
                                         0x78 (size before relaxing)
 .eh_frame      0x000000000000184c        0x4 /usr/lib/gcc/x86_64-linux-gnu/7/crtendS.o
 *(.eh_frame.*)

.gcc_except_table
 *(.gcc_except_table .gcc_except_table.*)

.gnu_extab
 *(.gnu_extab*)

.exception_ranges
 *(.exception_ranges .exception_ranges*)
                0x0000000000201da0                . = DATA_SEGMENT_ALIGN (CONSTANT (MAXPAGESIZE), CONSTANT (COMMONPAGESIZE))

.eh_frame
 *(.eh_frame)
 *(.eh_frame.*)

.gnu_extab
 *(.gnu_extab)

.gcc_except_table
 *(.gcc_except_table .gcc_except_table.*)

.exception_ranges
 *(.exception_ranges .exception_ranges*)

.tdata
 *(.tdata .tdata.* .gnu.linkonce.td.*)

.tbss
 *(.tbss .tbss.* .gnu.linkonce.tb.*)
 *(.tcommon)

.preinit_array  0x0000000000201da0        0x0
                [!provide]                        PROVIDE (__preinit_array_start = .)
 *(.preinit_array)
                [!provide]                        PROVIDE (__preinit_array_end = .)

.init_array     0x0000000000201da0        0x8
                0x0000000000201da0                PROVIDE (__init_array_start = .)
 *(SORT_BY_INIT_PRIORITY(.init_array.*) SORT_BY_INIT_PRIORITY(.ctors.*))
 *(.init_array EXCLUDE_FILE(*crtend?.o *crtend.o *crtbegin?.o *crtbegin.o) .ctors)
 .init_array    0x0000000000201da0        0x8 /usr/lib/gcc/x86_64-linux-gnu/7/crtbeginS.o
                0x0000000000201da8                PROVIDE (__init_array_end = .)

.fini_array     0x0000000000201da8        0x8
                [!provide]                        PROVIDE (__fini_array_start = .)
 *(SORT_BY_INIT_PRIORITY(.fini_array.*) SORT_BY_INIT_PRIORITY(.dtors.*))
 *(.fini_array EXCLUDE_FILE(*crtend?.o *crtend.o *crtbegin?.o *crtbegin.o) .dtors)
 .fini_array    0x0000000000201da8        0x8 /usr/lib/gcc/x86_64-linux-gnu/7/crtbeginS.o
                [!provide]                        PROVIDE (__fini_array_end = .)

.ctors
 *crtbegin.o(.ctors)
 *crtbegin?.o(.ctors)
 *(EXCLUDE_FILE(*crtend?.o *crtend.o) .ctors)
 *(SORT_BY_NAME(.ctors.*))
 *(.ctors)

.dtors
 *crtbegin.o(.dtors)
 *crtbegin?.o(.dtors)
 *(EXCLUDE_FILE(*crtend?.o *crtend.o) .dtors)
 *(SORT_BY_NAME(.dtors.*))
 *(.dtors)

.jcr
 *(.jcr)

.data.rel.ro    0x0000000000201db0        0x0
 *(.data.rel.ro.local* .gnu.linkonce.d.rel.ro.local.*)
 *(.data.rel.ro .data.rel.ro.* .gnu.linkonce.d.rel.ro.*)
 .data.rel.ro   0x0000000000201db0        0x0 /usr/lib/gcc/x86_64-linux-gnu/7/../../../x86_64-linux-gnu/Scrt1.o

.dynamic        0x0000000000201db0      0x1f0
 *(.dynamic)
 .dynamic       0x0000000000201db0      0x1f0 /usr/lib/gcc/x86_64-linux-gnu/7/../../../x86_64-linux-gnu/Scrt1.o
                0x0000000000201db0                _DYNAMIC

.got            0x0000000000201fa0       0x60
 *(.got.plt)
 .got.plt       0x0000000000201fa0       0x38 /usr/lib/gcc/x86_64-linux-gnu/7/../../../x86_64-linux-gnu/Scrt1.o
                0x0000000000201fa0                _GLOBAL_OFFSET_TABLE_
 *(.igot.plt)
 *(.got)
 .got           0x0000000000201fd8       0x28 /usr/lib/gcc/x86_64-linux-gnu/7/../../../x86_64-linux-gnu/Scrt1.o
 *(.igot)
                0x0000000000202000                . = DATA_SEGMENT_RELRO_END (., 0x0)

.data           0x0000000000202000       0x10
 *(.data .data.* .gnu.linkonce.d.*)
 .data          0x0000000000202000        0x4 /usr/lib/gcc/x86_64-linux-gnu/7/../../../x86_64-linux-gnu/Scrt1.o
                0x0000000000202000                data_start
                0x0000000000202000                __data_start
 .data          0x0000000000202004        0x0 /usr/lib/gcc/x86_64-linux-gnu/7/../../../x86_64-linux-gnu/crti.o
 .data          0x0000000000202004        0x0 /usr/lib/gcc/x86_64-linux-gnu/7/crtbeginS.o
 *fill*         0x0000000000202004        0x4 
 .data.rel.local
                0x0000000000202008        0x8 /usr/lib/gcc/x86_64-linux-gnu/7/crtbeginS.o
                0x0000000000202008                __dso_handle
 .data          0x0000000000202010        0x0 src/main.o
 .data          0x0000000000202010        0x0 src/memory.o
 .data          0x0000000000202010        0x0 src/data.o
 .data          0x0000000000202010        0x0 src/stats.o
 .data          0x0000000000202010        0x0 src/course1.o
 .data          0x0000000000202010        0x0 /usr/lib/x86_64-linux-gnu/libc_nonshared.a(elf-init.oS)
 .data          0x0000000000202010        0x0 /usr/lib/gcc/x86_64-linux-gnu/7/crtendS.o
 .data          0x0000000000202010        0x0 /usr/lib/gcc/x86_64-linux-gnu/7/../../../x86_64-linux-gnu/crtn.o

.tm_clone_table
                0x0000000000202010        0x0
 .tm_clone_table
                0x0000000000202010        0x0 /usr/lib/gcc/x86_64-linux-gnu/7/crtbeginS.o
 .tm_clone_table
                0x0000000000202010        0x0 /usr/lib/gcc/x86_64-linux-gnu/7/crtendS.o

.data1
 *(.data1)
                0x0000000000202010                _edata = .
                [!provide]                        PROVIDE (edata = .)
                0x0000000000202010                . = .
                0x0000000000202010                __bss_start = .

.bss            0x0000000000202010       0x18
 *(.dynbss)
 .dynbss        0x0000000000202010        0x0 /usr/lib/gcc/x86_64-linux-gnu/7/../../../x86_64-linux-gnu/Scrt1.o
 *(.bss .bss.* .gnu.linkonce.b.*)
 .bss           0x0000000000202010        0x0 /usr/lib/gcc/x86_64-linux-gnu/7/../../../x86_64-linux-gnu/Scrt1.o
 .bss           0x0000000000202010        0x0 /usr/lib/gcc/x86_64-linux-gnu/7/../../../x86_64-linux-gnu/crti.o
 .bss           0x0000000000202010        0x1 /usr/lib/gcc/x86_64-linux-gnu/7/crtbeginS.o
 .bss           0x0000000000202011        0x0 src/main.o
 .bss           0x0000000000202011        0x0 src/memory.o
 .bss           0x0000000000202011        0x0 src/data.o
 .bss           0x0000000000202011        0x0 src/stats.o
 .bss           0x0000000000202011        0x0 src/course1.o
 .bss           0x0000000000202011        0x0 /usr/lib/x86_64-linux-gnu/libc_nonshared.a(elf-init.oS)
 .bss           0x0000000000202011        0x0 /usr/lib/gcc/x86_64-linux-gnu/7/crtendS.o
 .bss           0x0000000000202011        0x0 /usr/lib/gcc/x86_64-linux-gnu/7/../../../x86_64-linux-gnu/crtn.o
 *(COMMON)
 *fill*         0x0000000000202011        0x7 
 COMMON         0x0000000000202018        0xa src/main.o
                0x0000000000202018                buffer
                0x0000000000202028                . = ALIGN ((. != 0x0)?0x8:0x1)
 *fill*         0x0000000000202022        0x6 

.lbss
 *(.dynlbss)
 *(.lbss .lbss.* .gnu.linkonce.lb.*)
 *(LARGE_COMMON)
                0x0000000000202028                . = ALIGN (0x8)
                0x0000000000202028                . = SEGMENT_START ("ldata-segment", .)

.lrodata
 *(.lrodata .lrodata.* .gnu.linkonce.lr.*)

.ldata          0x0000000000602028        0x0
 *(.ldata .ldata.* .gnu.linkonce.l.*)
                0x0000000000602028                . = ALIGN ((. != 0x0)?0x8:0x1)
                0x0000000000602028                . = ALIGN (0x8)
                0x0000000000602028                _end = .
                [!provide]                        PROVIDE (end = .)
                0x0000000000602028                . = DATA_SEGMENT_END (.)

.stab
 *(.stab)

.stabstr
 *(.stabstr)

.stab.excl
 *(.stab.excl)

.stab.exclstr
 *(.stab.exclstr)

.stab.index
 *(.stab.index)

.stab.indexstr
 *(.stab.indexstr)

.comment        0x0000000000000000       0x2b
 *(.comment)
 .comment       0x0000000000000000       0x2b /usr/lib/gcc/x86_64-linux-gnu/7/crtbeginS.o
                                         0x2c (size before relaxing)
 .comment       0x000000000000002b       0x2c src/main.o
 .comment       0x000000000000002b       0x2c src/memory.o
 .comment       0x000000000000002b       0x2c src/data.o
 .comment       0x000000000000002b       0x2c src/stats.o
 .comment       0x000000000000002b       0x2c src/course1.o
 .comment       0x000000000000002b       0x2c /usr/lib/gcc/x86_64-linux-gnu/7/crtendS.o

.debug
 *(.debug)

.line
 *(.line)

.debug_srcinfo
 *(.debug_srcinfo)

.debug_sfnames
 *(.debug_sfnames)

.debug_aranges  0x0000000000000000       0xf0
 *(.debug_aranges)
 .debug_aranges
                0x0000000000000000       0x30 src/main.o
 .debug_aranges
                0x0000000000000030       0x30 src/memory.o
 .debug_aranges
                0x0000000000000060       0x30 src/data.o
 .debug_aranges
                0x0000000000000090       0x30 src/stats.o
 .debug_aranges
                0x00000000000000c0       0x30 src/course1.o

.debug_pubnames
 *(.debug_pubnames)

.debug_info     0x0000000000000000     0x1436
 *(.debug_info .gnu.linkonce.wi.*)
 .debug_info    0x0000000000000000      0x327 src/main.o
 .debug_info    0x0000000000000327      0x610 src/memory.o
 .debug_info    0x0000000000000937       0xf7 src/data.o
 .debug_info    0x0000000000000a2e      0x5cf src/stats.o
 .debug_info    0x0000000000000ffd      0x439 src/course1.o

.debug_abbrev   0x0000000000000000      0x573
 *(.debug_abbrev)
 .debug_abbrev  0x0000000000000000      0x105 src/main.o
 .debug_abbrev  0x0000000000000105      0x176 src/memory.o
 .debug_abbrev  0x000000000000027b       0x89 src/data.o
 .debug_abbrev  0x0000000000000304      0x15a src/stats.o
 .debug_abbrev  0x000000000000045e      0x115 src/course1.o

.debug_line     0x0000000000000000      0x515
 *(.debug_line .debug_line.* .debug_line_end)
 .debug_line    0x0000000000000000       0xf2 src/main.o
 .debug_line    0x00000000000000f2      0x138 src/memory.o
 .debug_line    0x000000000000022a       0x5c src/data.o
 .debug_line    0x0000000000000286      0x183 src/stats.o
 .debug_line    0x0000000000000409      0x10c src/course1.o

.debug_frame
 *(.debug_frame)

.debug_str      0x0000000000000000      0x4a4
 *(.debug_str)
 .debug_str     0x0000000000000000      0x2a6 src/main.o
                                        0x2d2 (size before relaxing)
 .debug_str     0x00000000000002a6       0xa8 src/memory.o
                                        0x36b (size before relaxing)
 .debug_str     0x000000000000034e       0x30 src/data.o
                                         0xe4 (size before relaxing)
 .debug_str     0x000000000000037e       0x96 src/stats.o
                                        0x374 (size before relaxing)
 .debug_str     0x0000000000000414       0x90 src/course1.o
                                        0x35c (size before relaxing)

.debug_loc
 *(.debug_loc)

.debug_macinfo
 *(.debug_macinfo)

.debug_weaknames
 *(.debug_weaknames)

.debug_funcnames
 *(.debug_funcnames)

.debug_typenames
 *(.debug_typenames)

.debug_varnames
 *(.debug_varnames)

.debug_pubtypes
 *(.debug_pubtypes)

.debug_ranges
 *(.debug_ranges)

.debug_macro
 *(.debug_macro)

.debug_addr
 *(.debug_addr)

.gnu.attributes
 *(.gnu.attributes)

/DISCARD/
 *(.note.GNU-stack)
 *(.gnu_debuglink)
 *(.gnu.lto_*)
OUTPUT(c1m4.out elf64-x86-64)
